RegionCN470.c:83:17:GetBandwidth	0	static
RegionCN470.c:131:20:GetTimeOnAir	32	static
RegionCN470.c:107:13:VerifyRfFreq	8	static
RegionCN470.c:139:12:RegionCN470GetPhyParam	16	static
RegionCN470.c:347:6:RegionCN470SetBandTxDone	16	static
RegionCN470.c:353:6:RegionCN470InitDefaults	40	static
RegionCN470.c:457:7:RegionCN470GetNvmCtx	0	static
RegionCN470.c:463:6:RegionCN470Verify	8	static
RegionCN470.c:495:6:RegionCN470ApplyCFList	12	static
RegionCN470.c:517:6:RegionCN470ChanMaskSet	8	static
RegionCN470.c:537:6:RegionCN470ComputeRxWindowParameters	32	static
RegionCN470.c:552:6:RegionCN470RxConfig	80	static
RegionCN470.c:596:6:RegionCN470TxConfig	88	static
RegionCN470.c:622:9:RegionCN470LinkAdrReq	112	static
RegionCN470.c:721:9:RegionCN470RxParamSetupReq	16	static
RegionCN470.c:746:9:RegionCN470NewChannelReq	0	static
RegionCN470.c:752:8:RegionCN470TxParamSetupReq	0	static
RegionCN470.c:757:9:RegionCN470DlChannelReq	0	static
RegionCN470.c:762:8:RegionCN470AlternateDr	0	static
RegionCN470.c:767:17:RegionCN470NextChannel	208	static
RegionCN470.c:827:17:RegionCN470ChannelAdd	0	static
RegionCN470.c:832:6:RegionCN470ChannelsRemove	0	static
RegionCN470.c:837:6:RegionCN470SetContinuousWave	16	static
RegionCN470.c:849:9:RegionCN470ApplyDrOffset	0	static
RegionCN470.c:860:6:RegionCN470RxBeaconSetup	32	static
