Region.c:88:6:RegionIsActive	0	static
Region.c:109:12:RegionGetPhyParam	8	static
Region.c:131:6:RegionSetBandTxDone	0	static
Region.c:152:6:RegionInitDefaults	0	static
Region.c:173:7:RegionGetNvmCtx	0	static
Region.c:194:6:RegionVerify	0	static
Region.c:215:6:RegionApplyCFList	0	static
Region.c:236:6:RegionChanMaskSet	0	static
Region.c:257:6:RegionComputeRxWindowParameters	4	static
Region.c:278:6:RegionRxConfig	0	static
Region.c:299:6:RegionTxConfig	4	static
Region.c:320:9:RegionLinkAdrReq	8	static
Region.c:341:9:RegionRxParamSetupReq	0	static
Region.c:362:9:RegionNewChannelReq	0	static
Region.c:383:8:RegionTxParamSetupReq	0	static
Region.c:404:9:RegionDlChannelReq	0	static
Region.c:425:8:RegionAlternateDr	0	static
Region.c:446:17:RegionNextChannel	4	static
Region.c:467:17:RegionChannelAdd	0	static
Region.c:488:6:RegionChannelsRemove	0	static
Region.c:509:6:RegionSetContinuousWave	0	static
Region.c:530:9:RegionApplyDrOffset	4	static
Region.c:551:6:RegionRxBeaconSetup	0	static
Region.c:572:11:RegionGetVersion	0	static
