stm32l4xx_it.c:73:6:NMI_Handler	4	static
stm32l4xx_it.c:86:6:HardFault_Handler	4	static
stm32l4xx_it.c:101:6:MemManage_Handler	4	static
stm32l4xx_it.c:116:6:BusFault_Handler	4	static
stm32l4xx_it.c:131:6:UsageFault_Handler	4	static
stm32l4xx_it.c:146:6:SVC_Handler	4	static
stm32l4xx_it.c:159:6:DebugMon_Handler	4	static
stm32l4xx_it.c:172:6:PendSV_Handler	4	static
stm32l4xx_it.c:185:6:SysTick_Handler	8	static
stm32l4xx_it.c:206:6:DMA2_Channel4_IRQHandler	8	static
stm32l4xx_it.c:218:6:EXTI0_IRQHandler	4	static
stm32l4xx_it.c:222:6:EXTI1_IRQHandler	4	static
stm32l4xx_it.c:226:6:EXTI2_IRQHandler	4	static
stm32l4xx_it.c:230:6:EXTI3_IRQHandler	8	static
stm32l4xx_it.c:237:6:EXTI4_IRQHandler	8	static
stm32l4xx_it.c:242:6:EXTI9_5_IRQHandler	8	static
stm32l4xx_it.c:249:6:EXTI15_10_IRQHandler	8	static
stm32l4xx_it.c:255:6:DMA1_Channel7_IRQHandler	8	static
stm32l4xx_it.c:265:6:USART2_IRQHandler	8	static
stm32l4xx_it.c:269:6:RTC_Alarm_IRQHandler	8	static
