nucleo_l476rg_bus.c:81:9:BSP_SPI1_Init	16	static
nucleo_l476rg_bus.c:116:9:BSP_SPI1_DeInit	16	static
nucleo_l476rg_bus.c:138:9:BSP_SPI1_Send	24	static
nucleo_l476rg_bus.c:155:10:BSP_SPI1_Recv	24	static
nucleo_l476rg_bus.c:172:9:BSP_SPI1_SendRecv	40	static
nucleo_l476rg_bus.c:241:9:BSP_GetTick	8	static
nucleo_l476rg_bus.c:248:26:MX_SPI1_Init	24	static
nucleo_l476rg_bus.c:272:13:SPI1_MspInit	40	static
nucleo_l476rg_bus.c:305:13:SPI1_MspDeInit	16	static
nucleo_l476rg_bus.c:327:17:SPI_GetPrescaler	32	static
nucleo_l476rg_bus.c:428:9:BSP_I2C1_Init	16	static
nucleo_l476rg_bus.c:476:9:BSP_I2C1_DeInit	16	static
nucleo_l476rg_bus.c:504:9:BSP_I2C1_IsReady	24	static
nucleo_l476rg_bus.c:525:9:BSP_I2C1_WriteReg	48	static
nucleo_l476rg_bus.c:551:10:BSP_I2C1_ReadReg	48	static
nucleo_l476rg_bus.c:579:9:BSP_I2C1_WriteReg16	48	static
nucleo_l476rg_bus.c:604:10:BSP_I2C1_ReadReg16	48	static
nucleo_l476rg_bus.c:629:9:BSP_I2C1_Send	32	static
nucleo_l476rg_bus.c:655:9:BSP_I2C1_Recv	32	static
nucleo_l476rg_bus.c:729:26:MX_I2C1_Init	24	static
nucleo_l476rg_bus.c:759:13:I2C1_MspInit	48	static
nucleo_l476rg_bus.c:792:13:I2C1_MspDeInit	16	static
