stm32l4xx_ll_rtc.h:1780:26:LL_RTC_TIME_GetSubSecond	16	static
rtc_if.c:216:21:RTC_IF_Init	144	static
rtc_if.c:249:21:RTC_IF_StartTimer	24	static
rtc_if.c:271:21:RTC_IF_StopTimer	8	static
rtc_if.c:280:10:RTC_IF_SetTimerContext	8	static
rtc_if.c:289:10:RTC_IF_GetTimerContext	4	static
rtc_if.c:296:10:RTC_IF_GetTimerElapsedTime	40	static
rtc_if.c:306:10:RTC_IF_GetTimerValue	40	static
rtc_if.c:319:10:RTC_IF_GetMinimumTimeout	4	static
rtc_if.c:324:10:RTC_IF_Convert_ms2Tick	16	static
rtc_if.c:329:10:RTC_IF_Convert_Tick2ms	32	static
rtc_if.c:334:6:RTC_IF_DelayMs	24	static,ignoring_inline_asm
rtc_if.c:354:6:HAL_RTC_AlarmAEventCallback	16	static
rtc_if.c:359:10:RTC_IF_GetTime	56	static
rtc_if.c:376:6:RTC_IF_BkUp_Write_Seconds	16	static
rtc_if.c:381:6:RTC_IF_BkUp_Write_SubSeconds	16	static
rtc_if.c:386:10:RTC_IF_BkUp_Read_Seconds	8	static
rtc_if.c:391:10:RTC_IF_BkUp_Read_SubSeconds	8	static
rtc_if.c:408:13:RTC_StartWakeUpAlarm	64	static
rtc_if.c:519:17:RTC_GetCalendarValue	32	static
