trained_model_compiled.cpp:372:14:void* {anonymous}::GetScratchBuffer(TfLiteContext*, int)	0	static
trained_model_compiled.cpp:380:16:TfLiteStatus trained_model_init(void* (*)(size_t, size_t))	40	static
trained_model_compiled.cpp:446:15:TfLiteTensor* trained_model_input(int)	0	static
trained_model_compiled.cpp:453:15:TfLiteTensor* trained_model_output(int)	0	static
trained_model_compiled.cpp:457:14:TfLiteStatus trained_model_invoke()	24	static
trained_model_compiled.cpp:467:14:TfLiteStatus trained_model_reset(void (*)(void*))	16	static
vector.tcc:426:7:) [with _Args = {void* const&}; _Tp = void*; _Alloc = std::allocator<void*>]	40	static
trained_model_compiled.cpp:330:21:TfLiteStatus {anonymous}::AllocatePersistentBuffer(TfLiteContext*, size_t, void**)	16	static
trained_model_compiled.cpp:355:21:TfLiteStatus {anonymous}::RequestScratchBufferInArena(TfLiteContext*, size_t, int*)	48	static
trained_model_compiled.cpp:475:1:cpp)	0	static
trained_model_compiled.cpp:475:1:cpp)	8	static
