Region.c:88:6:RegionIsActive	16	static
Region.c:109:12:RegionGetPhyParam	24	static
Region.c:131:6:RegionSetBandTxDone	16	static
Region.c:152:6:RegionInitDefaults	16	static
Region.c:173:7:RegionGetNvmCtx	16	static
Region.c:194:6:RegionVerify	16	static
Region.c:215:6:RegionApplyCFList	16	static
Region.c:236:6:RegionChanMaskSet	16	static
Region.c:257:6:RegionComputeRxWindowParameters	16	static
Region.c:278:6:RegionRxConfig	24	static
Region.c:299:6:RegionTxConfig	24	static
Region.c:320:9:RegionLinkAdrReq	32	static
Region.c:341:9:RegionRxParamSetupReq	16	static
Region.c:362:9:RegionNewChannelReq	16	static
Region.c:383:8:RegionTxParamSetupReq	16	static
Region.c:404:9:RegionDlChannelReq	16	static
Region.c:425:8:RegionAlternateDr	16	static
Region.c:446:17:RegionNextChannel	24	static
Region.c:467:17:RegionChannelAdd	16	static
Region.c:488:6:RegionChannelsRemove	16	static
Region.c:509:6:RegionSetContinuousWave	16	static
Region.c:530:9:RegionApplyDrOffset	24	static
Region.c:551:6:RegionRxBeaconSetup	24	static
Region.c:572:11:RegionGetVersion	16	static
