LmHandler.c:299:24:LmHandlerInit	16	static
LmHandler.c:327:24:LmHandlerConfigure	112	static
LmHandler.c:414:6:LmHandlerIsBusy	8	static
LmHandler.c:435:6:LmHandlerProcess	16	static
LmHandler.c:455:23:LmHandlerJoinStatus	48	static
LmHandler.c:480:6:LmHandlerJoin	72	static
LmHandler.c:563:24:LmHandlerStop	8	static
LmHandler.c:575:24:LmHandlerSend	56	static
LmHandler.c:672:24:LmHandlerRequestClass	56	static
LmHandler.c:768:24:LmHandlerPackageRegister	24	static
LmHandler.c:802:9:LmHandlerGetCurrentClass	56	static
LmHandler.c:820:9:LmHandlerGetTxDatarate	56	static
LmHandler.c:839:9:LmHandlerGetActiveRegion	16	static
LmHandler.c:850:9:LmHandlerGetDevEUI	16	static
LmHandler.c:861:9:LmHandlerSetDevEUI	16	static
LmHandler.c:888:9:LmHandlerGetAppEUI	16	static
LmHandler.c:900:9:LmHandlerSetAppEUI	56	static
LmHandler.c:922:9:LmHandlerGetNetworkID	16	static
LmHandler.c:933:9:LmHandlerSetNetworkID	16	static
LmHandler.c:948:9:LmHandlerGetDevAddr	16	static
LmHandler.c:959:9:LmHandlerSetDevAddr	16	static
LmHandler.c:978:9:LmHandlerSetActiveRegion	16	static
LmHandler.c:993:9:LmHandlerGetAdrEnable	16	static
LmHandler.c:1004:9:LmHandlerSetAdrEnable	56	static
LmHandler.c:1018:9:LmHandlerSetTxDatarate	56	static
LmHandler.c:1038:9:LmHandlerGetDutyCycleEnable	16	static
LmHandler.c:1049:9:LmHandlerSetDutyCycleEnable	16	static
LmHandler.c:1057:9:LmHandlerGetRX2Params	56	static
LmHandler.c:1077:9:LmHandlerGetTxPower	56	static
LmHandler.c:1095:9:LmHandlerGetRx1Delay	56	static
LmHandler.c:1113:9:LmHandlerGetRx2Delay	56	static
LmHandler.c:1131:9:LmHandlerGetJoinRx1Delay	56	static
LmHandler.c:1149:9:LmHandlerGetJoinRx2Delay	56	static
LmHandler.c:1167:9:LmHandlerSetTxPower	56	static
LmHandler.c:1181:9:LmHandlerSetRX2Params	56	static
LmHandler.c:1196:9:LmHandlerSetRx1Delay	56	static
LmHandler.c:1209:9:LmHandlerSetRx2Delay	56	static
LmHandler.c:1222:9:LmHandlerSetJoinRx1Delay	56	static
LmHandler.c:1235:9:LmHandlerSetJoinRx2Delay	56	static
LmHandler.c:1248:9:LmHandlerGetPingPeriodicity	16	static
LmHandler.c:1263:9:LmHandlerSetPingPeriodicity	16	static
LmHandler.c:1282:9:LmHandlerGetBeaconState	16	static
LmHandler.c:1312:31:LmHandlerDeviceTimeReq	32	static
LmHandler.c:1381:13:McpsConfirm	16	static
LmHandler.c:1396:13:McpsIndication	40	static
LmHandler.c:1452:13:MlmeConfirm	56	static
LmHandler.c:1550:13:MlmeIndication	16	static
LmHandler.c:1606:13:LmHandlerPackageIsInitialized	16	static
LmHandler.c:1618:13:LmHandlerPackagesNotify	24	static
LmHandler.c:1659:13:DisplayClassUpdate	24	static
