stm32_seq.c:182:6:UTIL_SEQ_Init	8	static
stm32_seq.c:195:6:UTIL_SEQ_DeInit	0	static
stm32_seq.c:299:6:UTIL_SEQ_RegTask	0	static,ignoring_inline_asm
stm32_seq.c:310:6:UTIL_SEQ_SetTask	8	static,ignoring_inline_asm
stm32_seq.c:322:10:UTIL_SEQ_IsSchedulableTask	0	static,ignoring_inline_asm
stm32_seq.c:333:6:UTIL_SEQ_PauseTask	0	static,ignoring_inline_asm
stm32_seq.c:344:10:UTIL_SEQ_IsPauseTask	0	static,ignoring_inline_asm
stm32_seq.c:355:6:UTIL_SEQ_ResumeTask	0	static,ignoring_inline_asm
stm32_seq.c:366:6:UTIL_SEQ_SetEvt	0	static,ignoring_inline_asm
stm32_seq.c:377:6:UTIL_SEQ_ClrEvt	0	static,ignoring_inline_asm
stm32_seq.c:435:15:UTIL_SEQ_IsEvtPend	0	static
stm32_seq.c:446:13:UTIL_SEQ_Idle	0	static
stm32_seq.c:451:13:UTIL_SEQ_PreIdle	0	static
stm32_seq.c:459:13:UTIL_SEQ_PostIdle	0	static
stm32_seq.c:204:6:UTIL_SEQ_Run	32	static,ignoring_inline_asm
stm32_seq.c:440:13:UTIL_SEQ_EvtIdle	0	static
stm32_seq.c:388:6:UTIL_SEQ_WaitEvt	32	static
stm32_seq.c:500:9:SEQ_BitPosition	0	static
