pooling.cc:270:7:void* tflite::ops::micro::pooling::Init(TfLiteContext*, const char*, size_t)	16	static
types.h:178:3:tflite::RuntimeShape::~RuntimeShape()	8	static
types.h:189:16:int32 tflite::RuntimeShape::Dims(int) const	8	static
types.h:379:12:int tflite::Offset(const tflite::RuntimeShape&, int, int, int, int)	16	static
types.h:432:12:int tflite::MatchingDim(const tflite::RuntimeShape&, int, const tflite::RuntimeShape&, int)	16	static
pooling.h:26:13:void tflite::reference_ops::AveragePool(const tflite::PoolParams&, const tflite::RuntimeShape&, const float*, const tflite::RuntimeShape&, float*)	136	static
pooling.h:79:13:void tflite::reference_ops::AveragePool(const tflite::PoolParams&, const tflite::RuntimeShape&, const uint8*, const tflite::RuntimeShape&, uint8*)	128	static
pooling.h:189:13:void tflite::reference_ops::MaxPool(const tflite::PoolParams&, const tflite::RuntimeShape&, const float*, const tflite::RuntimeShape&, float*)	144	static
pooling.h:239:13:void tflite::reference_ops::MaxPool(const tflite::PoolParams&, const tflite::RuntimeShape&, const uint8*, const tflite::RuntimeShape&, uint8*)	128	static
tensor_ctypes.h:34:21:tflite::RuntimeShape tflite::GetTensorShape(const TfLiteTensor*)	16	static
pooling.cc:276:14:TfLiteStatus tflite::ops::micro::pooling::Prepare(TfLiteContext*, TfLiteNode*)	64	static
padding.h:44:12:int tflite::ComputeOutSize(TfLitePadding, int, int, int, int)	0	static
pooling.cc:44:14:TfLiteStatus tflite::ops::micro::pooling::{anonymous}::CalculateOpData(const TfLiteContext*, const TfLitePoolParams*, const TfLiteTensor*, const TfLiteTensor*, tflite::ops::micro::pooling::{anonymous}::OpData*)	56	static
pooling.cc:365:21:TfLiteRegistration* tflite::ops::micro::Register_AVERAGE_POOL_2D()	0	static
pooling.cc:377:21:TfLiteRegistration* tflite::ops::micro::Register_MAX_POOL_2D()	0	static
kernel_util.h:164:6:void tflite::CalculateActivationRange(TfLiteFusedActivation, T*, T*) [with T = float]	0	static
pooling.cc:305:14:TfLiteStatus tflite::ops::micro::pooling::AverageEval(TfLiteContext*, TfLiteNode*)	224	static
pooling.cc:335:14:TfLiteStatus tflite::ops::micro::pooling::MaxEval(TfLiteContext*, TfLiteNode*)	232	static
