LoRaMac.c:858:13:OnRadioRxError	0	static
LoRaMac.c:879:13:UpdateRxSlotIdleState	0	static
LoRaMac.c:3089:13:StopRetransmission	0	static
LoRaMac.c:3144:13:CallNvmCtxCallback	0	static
LoRaMac.c:3152:13:EventMacNvmCtxChanged	0	static
LoRaMac.c:3157:13:EventRegionNvmCtxChanged	0	static
LoRaMac.c:3162:13:EventCryptoNvmCtxChanged	0	static
LoRaMac.c:3167:13:EventSecureElementNvmCtxChanged	0	static
LoRaMac.c:3172:13:EventCommandsNvmCtxChanged	0	static
LoRaMac.c:3177:13:EventClassBNvmCtxChanged	0	static
LoRaMac.c:3182:13:EventConfirmQueueNvmCtxChanged	0	static
LoRaMac.c:1891:16:GetMaxAppPayloadWithoutFOptsLength	24	static
LoRaMac.c:1739:13:OnAckTimeoutTimerEvent	8	static
LoRaMac.c:937:13:PrepareRxDoneAbort	8	static
LoRaMac.c:1384:13:HandleRadioRxErrorTimeout	24	static
LoRaMac.c:2630:13:ResetMacParameters	24	static
LoRaMac.c:868:13:OnRadioRxTimeout	8	static
LoRaMac.c:847:13:OnRadioTxTimeout	8	static
LoRaMac.c:830:13:OnRadioRxDone	24	static
LoRaMac.c:815:13:OnRadioTxDone	24	static
LoRaMac.c:2480:24:ScheduleTx	104	static
LoRaMac.c:1683:13:OnTxDelayedTimerEvent	8	static
LoRaMac.c:2702:13:OpenContinuousRxCWindow	24	static
LoRaMac.c:1807:24:SwitchClass	24	static
LoRaMac.c:2688:13:RxWindowSetup.constprop	16	static
LoRaMac.c:1709:13:OnRxWindow1TimerEvent	0	static
LoRaMac.c:1721:13:OnRxWindow2TimerEvent	0	static
LoRaMac.c:1935:13:ProcessMacCommands.isra.0.constprop	104	static
LoRaMac.c:3198:6:LoRaMacIsBusy	0	static
LoRaMac.c:3208:6:LoRaMacProcess	184	static,ignoring_inline_asm
LoRaMac.c:3243:17:LoRaMacInitialization	112	static
LoRaMac.c:3464:17:LoRaMacStart	0	static
LoRaMac.c:3470:17:LoRaMacStop	8	static
LoRaMac.c:3484:17:LoRaMacQueryTxPossible	48	static
LoRaMac.c:3542:17:LoRaMacMibGetRequestConfirm	32	static
LoRaMac.c:3734:17:LoRaMacMibSetRequestConfirm	32	static
LoRaMac.c:4405:17:LoRaMacChannelAdd	40	static
LoRaMac.c:4425:17:LoRaMacChannelRemove	16	static
LoRaMac.c:4448:17:LoRaMacMcChannelSetup	24	static
LoRaMac.c:4512:17:LoRaMacMcChannelDelete	48	static
LoRaMac.c:4537:9:LoRaMacMcChannelGetGroupId	0	static
LoRaMac.c:4549:17:LoRaMacMcChannelSetupRxParams	32	static
LoRaMac.c:4615:17:LoRaMacMlmeRequest	48	static
LoRaMac.c:4769:17:LoRaMacMcpsRequest	104	static
LoRaMac.c:4883:6:LoRaMacTestSetDutyCycleOn	24	static
LoRaMac.c:4895:17:LoRaMacDeInitialization	8	static
