LmHandler.c:1659:13:DisplayClassUpdate	16	static
LmHandler.c:1312:31:LmHandlerDeviceTimeReq	32	static
LmHandler.c:1665:13:DisplayBeaconUpdate.constprop	40	static
LmHandler.c:1550:13:MlmeIndication	56	static
LmHandler.c:1381:13:McpsConfirm	16	static
LmHandler.c:327:24:LmHandlerConfigure	88	static
LmHandler.c:435:6:LmHandlerProcess	16	static
LmHandler.c:455:23:LmHandlerJoinStatus	48	static
LmHandler.c:563:24:LmHandlerStop	8	static
LmHandler.c:672:24:LmHandlerRequestClass	56	static
LmHandler.c:480:6:LmHandlerJoin	56	static
LmHandler.c:414:6:LmHandlerIsBusy	8	static
LmHandler.c:575:24:LmHandlerSend	48	static
LmHandler.c:1351:31:LmHandlerPingSlotReq	40	static
LmHandler.c:768:24:LmHandlerPackageRegister	16	static
LmHandler.c:299:24:LmHandlerInit	8	static
LmHandler.c:802:9:LmHandlerGetCurrentClass	48	static
LmHandler.c:1396:13:McpsIndication	48	static
LmHandler.c:820:9:LmHandlerGetTxDatarate	48	static
LmHandler.c:1452:13:MlmeConfirm	56	static
LmHandler.c:839:9:LmHandlerGetActiveRegion	0	static
LmHandler.c:850:9:LmHandlerGetDevEUI	8	static
LmHandler.c:861:9:LmHandlerSetDevEUI	0	static
LmHandler.c:888:9:LmHandlerGetAppEUI	8	static
LmHandler.c:900:9:LmHandlerSetAppEUI	56	static
LmHandler.c:922:9:LmHandlerGetNetworkID	0	static
LmHandler.c:933:9:LmHandlerSetNetworkID	8	static
LmHandler.c:948:9:LmHandlerGetDevAddr	0	static
LmHandler.c:959:9:LmHandlerSetDevAddr	8	static
LmHandler.c:978:9:LmHandlerSetActiveRegion	8	static
LmHandler.c:993:9:LmHandlerGetAdrEnable	0	static
LmHandler.c:1004:9:LmHandlerSetAdrEnable	48	static
LmHandler.c:1018:9:LmHandlerSetTxDatarate	56	static
LmHandler.c:1038:9:LmHandlerGetDutyCycleEnable	0	static
LmHandler.c:1049:9:LmHandlerSetDutyCycleEnable	8	static
LmHandler.c:1057:9:LmHandlerGetRX2Params	48	static
LmHandler.c:1077:9:LmHandlerGetTxPower	48	static
LmHandler.c:1095:9:LmHandlerGetRx1Delay	48	static
LmHandler.c:1113:9:LmHandlerGetRx2Delay	48	static
LmHandler.c:1131:9:LmHandlerGetJoinRx1Delay	48	static
LmHandler.c:1149:9:LmHandlerGetJoinRx2Delay	48	static
LmHandler.c:1167:9:LmHandlerSetTxPower	48	static
LmHandler.c:1181:9:LmHandlerSetRX2Params	48	static
LmHandler.c:1196:9:LmHandlerSetRx1Delay	48	static
LmHandler.c:1209:9:LmHandlerSetRx2Delay	48	static
LmHandler.c:1222:9:LmHandlerSetJoinRx1Delay	48	static
LmHandler.c:1235:9:LmHandlerSetJoinRx2Delay	48	static
LmHandler.c:1248:9:LmHandlerGetPingPeriodicity	0	static
LmHandler.c:1263:9:LmHandlerSetPingPeriodicity	8	static
LmHandler.c:1282:9:LmHandlerGetBeaconState	48	static
