sx1276.c:332:10:SX1276Init	32	static
sx1276.c:366:14:SX1276GetStatus	4	static
sx1276.c:371:6:SX1276SetChannel	32	static
sx1276.c:384:6:SX1276IsChannelFree	32	static
sx1276.c:420:10:SX1276Random	16	static
sx1276.c:461:13:RxChainCalibration	40	static
sx1276.c:499:6:SX1276SetRxConfig	32	static
sx1276.c:669:6:SX1276SetTxConfig	24	static
sx1276.c:808:10:SX1276GetTimeOnAir	48	static
sx1276.c:836:6:SX1276Send	24	static
sx1276.c:911:13:SX1276SetRfTxPower	24	static
sx1276.c:1004:6:SX1276SetSleep	8	static
sx1276.c:1018:6:SX1276SetStby	8	static
sx1276.c:1028:6:SX1276SetRx	24	static
sx1276.c:1195:13:SX1276SetTx	16	static
sx1276.c:1259:6:SX1276StartCad	8	static
sx1276.c:1292:6:SX1276SetTxContinuousWave	64	static
sx1276.c:1312:9:SX1276ReadRssi	24	static
sx1276.c:1338:13:SX1276Reset	8	static
sx1276.c:1344:13:SX1276SetOpMode	24	static
sx1276.c:1382:6:SX1276SetModem	16	static
sx1276.c:1419:6:SX1276Write	16	static
sx1276.c:1424:9:SX1276Read	24	static
sx1276.c:1431:6:SX1276WriteBuffer	32	static
sx1276.c:1448:6:SX1276ReadBuffer	32	static
sx1276.c:1466:6:SX1276WriteFifo	16	static
sx1276.c:1471:6:SX1276ReadFifo	16	static
sx1276.c:1476:6:SX1276SetMaxPayloadLength	16	static
sx1276.c:1494:6:SX1276SetPublicNetwork	16	static
sx1276.c:1510:10:SX1276GetWakeupTime	8	static
sx1276.c:1515:16:GetFskBandwidthRegValue	24	static
sx1276.c:1530:17:SX1276GetLoRaBandwidthInHz	24	static
sx1276.c:1550:17:SX1276GetGfskTimeOnAirNumerator	24	static
sx1276.c:1565:17:SX1276GetLoRaTimeOnAirNumerator	48	static
sx1276.c:1630:13:SX1276OnTimeoutIrq	24	static
sx1276.c:1706:13:SX1276OnDio0Irq	24	static
sx1276.c:1893:13:SX1276OnDio1Irq	8	static
sx1276.c:2012:13:SX1276OnDio2Irq	32	static
sx1276.c:2085:13:SX1276OnDio3Irq	8	static
sx1276.c:2116:13:SX1276OnDio4Irq	4	static
