sx1276.c:366:14:SX1276GetStatus	0	static
sx1276.c:1518:16:GetFskBandwidthRegValue	8	static
sx1276.c:810:10:SX1276GetTimeOnAir	20	static
sx1276.c:1513:10:SX1276GetWakeupTime	8	static
sx1276.c:1434:6:SX1276WriteBuffer	16	static
sx1276.c:1422:6:SX1276Write	16	static
sx1276.c:371:6:SX1276SetChannel	8	static
sx1276.c:1451:6:SX1276ReadBuffer	16	static
sx1276.c:1427:9:SX1276Read	16	static
sx1276.c:461:13:RxChainCalibration	16	static
sx1276.c:2119:13:SX1276OnDio4Irq	0	static
sx1276.c:2088:13:SX1276OnDio3Irq	16	static
sx1276.c:2015:13:SX1276OnDio2Irq	16	static
sx1276.c:1347:13:SX1276SetOpMode.part.0	8	static
sx1276.c:1347:13:SX1276SetOpMode	16	static
sx1276.c:1006:6:SX1276SetSleep	8	static
sx1276.c:1020:6:SX1276SetStby	8	static
sx1276.c:1030:6:SX1276SetRx	24	static
sx1276.c:1261:6:SX1276StartCad	8	static
sx1276.c:1315:9:SX1276ReadRssi	8	static
sx1276.c:1385:6:SX1276SetModem	8	static
sx1276.c:332:10:SX1276Init	24	static
sx1276.c:384:6:SX1276IsChannelFree	32	static
sx1276.c:420:10:SX1276Random	16	static
sx1276.c:499:6:SX1276SetRxConfig	72	static
sx1276.c:669:6:SX1276SetTxConfig	72	static
sx1276.c:1294:6:SX1276SetTxContinuousWave	64	static
sx1276.c:1479:6:SX1276SetMaxPayloadLength	16	static
sx1276.c:1497:6:SX1276SetPublicNetwork	8	static
sx1276.c:1633:13:SX1276OnTimeoutIrq	16	static
sx1276.c:838:6:SX1276Send	24	static
sx1276.c:1896:13:SX1276OnDio1Irq	16	static
sx1276.c:1709:13:SX1276OnDio0Irq	24	static
